// Jest Snapshot v1, https://goo.gl/fbAQLP

exports[`normalizeCreateFunctionDdl should be possible to get create statement of function 1`] = `
"CREATE OR REPLACE FUNCTION public.test_func_for_show_create_on(
  in_name character varying,
  in_date timestamp with time zone,
  in_counter integer
)
RETURNS integer
LANGUAGE plpgsql
AS $$
  DECLARE
    v_test_int int := 821;
  BEGIN
    RETURN v_test_int;
  END;
$$
"
`;
